// Jest Snapshot v1, https://goo.gl/fbAQLP

exports[`AddResident render without crashing 1`] = `ShallowWrapper {}`;
