// Jest Snapshot v1, https://goo.gl/fbAQLP

exports[`Success render without crashing 1`] = `ShallowWrapper {}`;
