// Jest Snapshot v1, https://goo.gl/fbAQLP

exports[`ConfirmRemove render without crashing 1`] = `ShallowWrapper {}`;
