// Jest Snapshot v1, https://goo.gl/fbAQLP

exports[`Loading render without crashing 1`] = `ShallowWrapper {}`;
