// Jest Snapshot v1, https://goo.gl/fbAQLP

exports[`Form render without crashing 1`] = `ShallowWrapper {}`;
