// Jest Snapshot v1, https://goo.gl/fbAQLP

exports[`Modal render without crashing 1`] = `ShallowWrapper {}`;
