// Jest Snapshot v1, https://goo.gl/fbAQLP

exports[`Table render without crashing 1`] = `ShallowWrapper {}`;
