// Jest Snapshot v1, https://goo.gl/fbAQLP

exports[`StoreProvider render without crashing 1`] = `ShallowWrapper {}`;
