// Jest Snapshot v1, https://goo.gl/fbAQLP

exports[`Dashboard render without crashing 1`] = `ShallowWrapper {}`;
