// Jest Snapshot v1, https://goo.gl/fbAQLP

exports[`Card render without crashing 1`] = `ShallowWrapper {}`;
