// Jest Snapshot v1, https://goo.gl/fbAQLP

exports[`SelectField render without crashing 1`] = `ShallowWrapper {}`;
