// Jest Snapshot v1, https://goo.gl/fbAQLP

exports[`Breadcrumb render without crashing 1`] = `ShallowWrapper {}`;
