// Jest Snapshot v1, https://goo.gl/fbAQLP

exports[`MenuItem render without crashing 1`] = `ShallowWrapper {}`;
