// Jest Snapshot v1, https://goo.gl/fbAQLP

exports[`FormAddApartment render without crashing 1`] = `ShallowWrapper {}`;
