// Jest Snapshot v1, https://goo.gl/fbAQLP

exports[`RouterBackground render without crashing 1`] = `ReactWrapper {}`;
