// Jest Snapshot v1, https://goo.gl/fbAQLP

exports[`NotFound render without crashing 1`] = `ShallowWrapper {}`;
