// Jest Snapshot v1, https://goo.gl/fbAQLP

exports[`Alert render without crashing 1`] = `ShallowWrapper {}`;
