// Jest Snapshot v1, https://goo.gl/fbAQLP

exports[`NavbarComponent render without crashing 1`] = `ShallowWrapper {}`;
