// Jest Snapshot v1, https://goo.gl/fbAQLP

exports[`Apartments render without crashing 1`] = `ShallowWrapper {}`;
