// Jest Snapshot v1, https://goo.gl/fbAQLP

exports[`EditResident render without crashing 1`] = `ShallowWrapper {}`;
